// Jest Snapshot v1, https://goo.gl/fbAQLP

exports[`<EditPropertyAd The component is successfully rendered when the property resource is fetched from the server. 1`] = `
<DocumentFragment>
  <div
    class="container"
  >
    <div
      class="form-wrapper"
    >
      <div
        style="margin-bottom: 2em;"
      >
        <div
          class="property-form-container"
        >
          <div
            class="show"
            data-testid="edit-form"
          >
            <button
              data-testid="back-button"
              type="button"
            >
              <svg
                aria-hidden="true"
                class="svg-inline--fa fa-chevron-left fa-w-10 property-icons-svg"
                data-icon="chevron-left"
                data-prefix="fas"
                focusable="false"
                role="img"
                viewBox="0 0 320 512"
                xmlns="http://www.w3.org/2000/svg"
              >
                <path
                  d="M34.52 239.03L228.87 44.69c9.37-9.37 24.57-9.37 33.94 0l22.67 22.67c9.36 9.36 9.37 24.52.04 33.9L131.49 256l154.02 154.75c9.34 9.38 9.32 24.54-.04 33.9l-22.67 22.67c-9.37 9.37-24.57 9.37-33.94 0L34.52 272.97c-9.37-9.37-9.37-24.57 0-33.94z"
                  fill="currentColor"
                />
              </svg>
              Back
            </button>
            <h1>
              Edit property ad
            </h1>
            <form
              class="form-primary"
            >
              <section
                class="step-wrapper"
              >
                <h3
                  class="step-headliner"
                >
                  Miscellaneous Details
                </h3>
                <div
                  class="step-contents"
                >
                  <p>
                    *The property is available for :
                  </p>
                  <div
                    class="radio-wrapper"
                  >
                    <div>
                      <label>
                        <input
                          checked=""
                          name="availableTo"
                          type="radio"
                          value="rent"
                        />
                        Rent
                      </label>
                    </div>
                    <div>
                      <label>
                        <input
                          name="availableTo"
                          type="radio"
                          value="sale"
                        />
                        Sale
                      </label>
                    </div>
                  </div>
                  <div>
                    <label
                      for="title"
                    >
                      *Ad title:
                    </label>
                    <input
                      id="title"
                      name="title"
                      type="text"
                      value="Test Title"
                    />
                  </div>
                  <div>
                    <label
                      for="mobileNumber"
                    >
                      *Your mobile number:
                    </label>
                    <input
                      id="mobileNumber"
                      name="mobileNumber"
                      type="text"
                      value="123456"
                    />
                  </div>
                </div>
              </section>
              <section
                class="step-wrapper"
              >
                <h3
                  class="step-headliner"
                >
                  Location
                </h3>
                <div
                  class="step-contents"
                >
                  <div>
                    <label
                      for="city"
                    >
                      *City:
                    </label>
                    <input
                      id="city"
                      name="city"
                      type="text"
                      value="Test City"
                    />
                  </div>
                  <div>
                    <label
                      for="location"
                    >
                      *Location/Suburb:
                    </label>
                    <input
                      id="location"
                      name="location"
                      type="text"
                      value="Test Location"
                    />
                  </div>
                </div>
              </section>
              <section
                class="step-wrapper"
              >
                <h3
                  class="step-headliner"
                >
                  Property Details
                </h3>
                <div
                  class="step-contents"
                >
                  <div
                    class="step-details-wrapper"
                  >
                    <label>
                      Choose the number of bedrooms in your property:
                      <select
                        name="numberOfBedrooms"
                      >
                        <option
                          value="studio"
                        >
                          Studio
                        </option>
                        <option
                          value="1"
                        >
                          1 bedroom
                        </option>
                        <option
                          value="2"
                        >
                          2 bedrooms
                        </option>
                        <option
                          selected=""
                          value="3"
                        >
                          3+ bedrooms
                        </option>
                      </select>
                    </label>
                  </div>
                  <div
                    class="step-details-wrapper"
                  >
                    <label>
                      Choose the number of bathrooms in your property:
                      <select
                        name="numberOfBathrooms"
                      >
                        <option
                          value="shared"
                        >
                          shared bathroom
                        </option>
                        <option
                          value="1"
                        >
                          1 bathroom
                        </option>
                        <option
                          selected=""
                          value="2"
                        >
                          2 bathrooms
                        </option>
                        <option
                          value="3"
                        >
                          3+ bathrooms
                        </option>
                      </select>
                    </label>
                  </div>
                  <div
                    class="step-details-wrapper"
                  >
                    <label
                      for="description"
                    >
                      *Description:
                    </label>
                    <textarea
                      id="description"
                      name="description"
                      placeholder="Type your description here..."
                    >
                      Test Description
                    </textarea>
                  </div>
                </div>
              </section>
              <button
                data-testid="submit-action"
                type="submit"
              >
                Save
              </button>
            </form>
          </div>
        </div>
      </div>
    </div>
  </div>
</DocumentFragment>
`;
